../Core/Src/main.cpp:65:6:void toggleLed()	8	static
../Core/Src/main.cpp:76:6:void HAL_UART_RxCpltCallback(UART_HandleTypeDef*)	16	static
../Core/Src/main.cpp:98:6:void command_parser_fsm()	16	static
../Core/Src/main.cpp:143:6:void ADC_read()	8	static
../Core/Src/main.cpp:153:6:void uart_communication_fsm()	8	static
../Core/Src/main.cpp:192:6:void check_command_parser()	8	static
../Core/Src/main.cpp:207:5:int main()	8	static
../Core/Src/main.cpp:264:6:void SystemClock_Config()	88	static
../Core/Src/main.cpp:308:13:void MX_ADC1_Init()	24	static
../Core/Src/main.cpp:355:13:void MX_TIM2_Init()	32	static
../Core/Src/main.cpp:400:13:void MX_USART2_UART_Init()	8	static
../Core/Src/main.cpp:433:13:void MX_GPIO_Init()	32	static
../Core/Src/main.cpp:453:6:void HAL_TIM_PeriodElapsedCallback(TIM_HandleTypeDef*)	16	static
../Core/Src/main.cpp:466:6:void Error_Handler()	4	static,ignoring_inline_asm
