../Core/Src/main.cpp:65:6:void toggleLed()	8	static
../Core/Src/main.cpp:76:6:void HAL_UART_RxCpltCallback(UART_HandleTypeDef*)	16	static
../Core/Src/main.cpp:98:6:void command_parser_fsm()	16	static
../Core/Src/main.cpp:143:6:void ADC_read()	8	static
../Core/Src/main.cpp:153:6:void uart_communication_fsm()	8	static
../Core/Inc/scheduler.h:28:6:main()::Scheduler::sTask::sTask(void (*)(), uint32_t, uint32_t, main()::Scheduler::sTask*)	24	static
../Core/Inc/scheduler.h:35:7:void main()::Scheduler::Timer_init()	16	static
../Core/Inc/scheduler.h:36:7:void main()::Scheduler::Watchdog_init()	16	static
../Core/Inc/scheduler.h:38:13:uint8_t main()::Scheduler::SCH_Delete_Task(main()::Scheduler::sTask*)	24	static
../Core/Inc/scheduler.h:62:5:main()::Scheduler::Scheduler()	16	static
../Core/Inc/scheduler.h:78:10:void main()::Scheduler::SCH_Update()	16	static
../Core/Inc/scheduler.h:83:14:uint32_t main()::Scheduler::SCH_Add_Task(void (*)(), uint32_t, uint32_t)	48	static
../Core/Inc/scheduler.h:110:10:void main()::Scheduler::SCH_Dispatch_Tasks()	56	static
../Core/Src/main.cpp:198:5:int main()	16	static
../Core/Src/main.cpp:258:6:void SystemClock_Config()	88	static
../Core/Src/main.cpp:302:13:void MX_ADC1_Init()	24	static
../Core/Src/main.cpp:349:13:void MX_TIM2_Init()	32	static
../Core/Src/main.cpp:394:13:void MX_USART2_UART_Init()	8	static
../Core/Src/main.cpp:427:13:void MX_GPIO_Init()	32	static
../Core/Src/main.cpp:454:6:void Error_Handler()	4	static,ignoring_inline_asm
